#-----------------------------------------------------------
# Vivado v2024.2.2 (64-bit)
# SW Build 6060944 on Thu Mar 06 19:10:01 MST 2025
# IP Build 6050500 on Thu Mar  6 23:33:39 MST 2025
# SharedData Build 6060542 on Thu Mar 06 10:31:07 MST 2025
# Start of session at: Sat May 23 18:59:50 2026
# Process ID         : 8804
# Current directory  : C:/Users/hosomi/Programs/new/EBAZ4205_tutorial/tutorials/02_blinkspeed/project_1/project_1.runs/impl_1
# Command line       : vivado.exe -log blinkspeed.vdi -applog -product Vivado -messageDb vivado.pb -mode batch -source blinkspeed.tcl -notrace
# Log file           : C:/Users/hosomi/Programs/new/EBAZ4205_tutorial/tutorials/02_blinkspeed/project_1/project_1.runs/impl_1/blinkspeed.vdi
# Journal file       : C:/Users/hosomi/Programs/new/EBAZ4205_tutorial/tutorials/02_blinkspeed/project_1/project_1.runs/impl_1\vivado.jou
# Running On         : DESKTOP-IRLIVJV
# Platform           : Windows Server 2016 or Windows 10
# Operating System   : 26200
# Processor Detail   : AMD Ryzen 7 2700X Eight-Core Processor         
# CPU Frequency      : 3693 MHz
# CPU Physical cores : 8
# CPU Logical cores  : 16
# Host memory        : 51468 MB
# Swap memory        : 7516 MB
# Total Virtual      : 58985 MB
# Available Virtual  : 27762 MB
#-----------------------------------------------------------
source blinkspeed.tcl -notrace
